FAIL Test AUnit.Test_Cases : Test for two failed assertions
FAIL Test AUnit.Test_Cases : Test for two failed assertions
Total Tests Run:   11
Successful Tests:  9
Failed Assertions: 2
Unexpected Errors: 1
Total Tests Run:   1
Successful Tests:  1
Failed Assertions: 0
Unexpected Errors: 0
