
   Total Tests Run: 11

   Successful Tests: 9
      Test AUnit.Test_Cases : Test Routine Registration
      Test AUnit.Test_Cases : Test Set Up
      Test AUnit.Test_Cases : Test Tear Down
      Test AUnit.Test_Cases : Test Run
      Test AUnit.Test_Cases.Registration : Test Register Routine
      Test AUnit.Test_Suites : Test No Test Case
      Test AUnit.Test_Suites : Test No Test Routines
      Test AUnit.Test_Suites : Test One Test Routine
      Test AUnit.Test_Suites : Test Inherited Test Case

   Failed Assertions: 2

      Test AUnit.Test_Cases : Test for two failed assertions
            expected failure 1
            at test_test_case.adb:102

      Test AUnit.Test_Cases : Test for two failed assertions
            expected failure 2
            at test_test_case.adb:103


   Unexpected Errors: 1

      Test AUnit.Test_Cases : Test Exceptions - * Error Expected *
            Unexpected exception in zfp profile
            at test_test_case-test_exceptions_with_exception.adb:4


